Processing battery (platform: espressif32; board: esp32-s3-devkitc-1; framework: arduino)
--------------------------------------------------------------------------------
Verbose mode can be enabled via `-v, --verbose` option
CONFIGURATION: https://docs.platformio.org/page/boards/espressif32/esp32-s3-devkitc-1.html
PLATFORM: Espressif 32 (7.1.0) > Espressif ESP32-S3-DevKitC-1-N8 (8 MB QD, No PSRAM)
HARDWARE: ESP32S3 240MHz, 320KB RAM, 8MB Flash
DEBUG: Current (esp-builtin) On-board (esp-builtin) External (cmsis-dap, esp-bridge, esp-prog, iot-bus-jtag, jlink, minimodule, olimex-arm-usb-ocd, olimex-arm-usb-ocd-h, olimex-arm-usb-tiny-h, olimex-jtag-tiny, tumpa)
PACKAGES: 
 - framework-arduinoespressif32 @ 3.20017.241212+sha.dcc1105b 
 - tool-esptoolpy @ 2.41100.260830 (4.11.0) 
 - toolchain-riscv32-esp @ 8.4.0+2021r2-patch5 
 - toolchain-xtensa-esp32s3 @ 8.4.0+2021r2-patch5
LDF: Library Dependency Finder -> https://bit.ly/configure-pio-ldf
LDF Modes: Finder ~ chain, Compatibility ~ soft
Found 40 compatible libraries
Scanning dependencies...
Dependency Graph
|-- GxEPD2 @ 1.6.9
|-- Adafruit GFX Library @ 1.12.6
|-- Adafruit BusIO @ 1.17.4
|-- ESP8266Audio @ 1.9.9
|-- QRCode @ 0.0.1
|-- NeoPixelBus @ 2.8.4
|-- ArduinoJson @ 7.4.3
|-- Preferences @ 2.0.0
|-- WiFi @ 2.0.0
|-- SD @ 2.0.0
|-- SPI @ 2.0.0
|-- WebServer @ 2.0.0
|-- Update @ 2.0.0
|-- DNSServer @ 2.0.0
Building in release mode
Compiling .pio\build\battery\src\Power.cpp.o
Archiving .pio\build\battery\lib47f\libWire.a
Archiving .pio\build\battery\libc08\libSPI.a
Archiving .pio\build\battery\libd83\libAdafruit BusIO.a
Compiling .pio\build\battery\lib4b3\Adafruit GFX Library\Adafruit_GrayOLED.cpp.o
Compiling .pio\build\battery\lib4b3\Adafruit GFX Library\Adafruit_SPITFT.cpp.o
Compiling .pio\build\battery\lib4b3\Adafruit GFX Library\glcdfont.c.o
Compiling .pio\build\battery\lib53e\GxEPD2\GxEPD2_EPD.cpp.o
Compiling .pio\build\battery\lib53e\GxEPD2\epd3c\GxEPD2_1248c.cpp.o
Compiling .pio\build\battery\lib53e\GxEPD2\epd3c\GxEPD2_154_Z90c.cpp.o
Compiling .pio\build\battery\lib53e\GxEPD2\epd3c\GxEPD2_154c.cpp.o
Compiling .pio\build\battery\lib53e\GxEPD2\epd3c\GxEPD2_213_Z19c.cpp.o
Compiling .pio\build\battery\lib53e\GxEPD2\epd3c\GxEPD2_213_Z98c.cpp.o
Compiling .pio\build\battery\lib53e\GxEPD2\epd3c\GxEPD2_213c.cpp.o
Compiling .pio\build\battery\lib53e\GxEPD2\epd3c\GxEPD2_266c.cpp.o
Compiling .pio\build\battery\lib53e\GxEPD2\epd3c\GxEPD2_270c.cpp.o
Compiling .pio\build\battery\lib53e\GxEPD2\epd3c\GxEPD2_290_C90c.cpp.o
Compiling .pio\build\battery\lib53e\GxEPD2\epd3c\GxEPD2_290_Z13c.cpp.o
Archiving .pio\build\battery\lib4b3\libAdafruit GFX Library.a
Compiling .pio\build\battery\lib53e\GxEPD2\epd3c\GxEPD2_290c.cpp.o
Compiling .pio\build\battery\lib53e\GxEPD2\epd3c\GxEPD2_420c.cpp.o
Compiling .pio\build\battery\lib53e\GxEPD2\epd3c\GxEPD2_420c_Z21.cpp.o
Compiling .pio\build\battery\lib53e\GxEPD2\epd3c\GxEPD2_583c.cpp.o
Compiling .pio\build\battery\lib53e\GxEPD2\epd3c\GxEPD2_583c_Z83.cpp.o
Compiling .pio\build\battery\lib53e\GxEPD2\epd3c\GxEPD2_750c.cpp.o
Compiling .pio\build\battery\lib53e\GxEPD2\epd3c\GxEPD2_750c_GDEW075Z08.cpp.o
Compiling .pio\build\battery\lib53e\GxEPD2\epd3c\GxEPD2_750c_Z08.cpp.o
Compiling .pio\build\battery\lib53e\GxEPD2\epd3c\GxEPD2_750c_Z90.cpp.o
Compiling .pio\build\battery\lib53e\GxEPD2\epd4c\GxEPD2_1160c_GDEY116F51.cpp.o
Compiling .pio\build\battery\lib53e\GxEPD2\epd4c\GxEPD2_154c_GDEM0154F51H.cpp.o
Compiling .pio\build\battery\lib53e\GxEPD2\epd4c\GxEPD2_213c_GDEY0213F51.cpp.o
Compiling .pio\build\battery\lib53e\GxEPD2\epd4c\GxEPD2_266c_GDEY0266F51H.cpp.o
Compiling .pio\build\battery\lib53e\GxEPD2\epd4c\GxEPD2_290c_GDEY029F51H.cpp.o
Compiling .pio\build\battery\lib53e\GxEPD2\epd4c\GxEPD2_300c.cpp.o
Compiling .pio\build\battery\lib53e\GxEPD2\epd4c\GxEPD2_350c_GDEM035F51.cpp.o
Compiling .pio\build\battery\lib53e\GxEPD2\epd4c\GxEPD2_397c_GDEM0397F81.cpp.o
Compiling .pio\build\battery\lib53e\GxEPD2\epd4c\GxEPD2_420c_GDEY0420F51.cpp.o
Compiling .pio\build\battery\lib53e\GxEPD2\epd4c\GxEPD2_437c.cpp.o
Compiling .pio\build\battery\lib53e\GxEPD2\epd4c\GxEPD2_579c_GDEY0579F51.cpp.o
Compiling .pio\build\battery\lib53e\GxEPD2\epd4c\GxEPD2_750c_GDEM075F52.cpp.o
Compiling .pio\build\battery\lib53e\GxEPD2\epd7c\GxEPD2_565c.cpp.o
Compiling .pio\build\battery\lib53e\GxEPD2\epd7c\GxEPD2_565c_GDEP0565D90.cpp.o
Compiling .pio\build\battery\lib53e\GxEPD2\epd7c\GxEPD2_730c_ACeP_730.cpp.o
Compiling .pio\build\battery\lib53e\GxEPD2\epd7c\GxEPD2_730c_GDEP073E01.cpp.o
Compiling .pio\build\battery\lib53e\GxEPD2\epd7c\GxEPD2_730c_GDEY073D46.cpp.o
Compiling .pio\build\battery\lib53e\GxEPD2\epd\GxEPD2_102.cpp.o
Compiling .pio\build\battery\lib53e\GxEPD2\epd\GxEPD2_1160_T91.cpp.o
Compiling .pio\build\battery\lib53e\GxEPD2\epd\GxEPD2_1248.cpp.o
Compiling .pio\build\battery\lib53e\GxEPD2\epd\GxEPD2_150_BN.cpp.o
Compiling .pio\build\battery\lib53e\GxEPD2\epd\GxEPD2_154.cpp.o
Compiling .pio\build\battery\lib53e\GxEPD2\epd\GxEPD2_154_D67.cpp.o
Compiling .pio\build\battery\lib53e\GxEPD2\epd\GxEPD2_154_M09.cpp.o
Compiling .pio\build\battery\lib53e\GxEPD2\epd\GxEPD2_154_M10.cpp.o
Compiling .pio\build\battery\lib53e\GxEPD2\epd\GxEPD2_154_T8.cpp.o
Compiling .pio\build\battery\lib53e\GxEPD2\epd\GxEPD2_213.cpp.o
Compiling .pio\build\battery\lib53e\GxEPD2\epd\GxEPD2_213_B72.cpp.o
Compiling .pio\build\battery\lib53e\GxEPD2\epd\GxEPD2_213_B73.cpp.o
Compiling .pio\build\battery\lib53e\GxEPD2\epd\GxEPD2_213_B74.cpp.o
Compiling .pio\build\battery\lib53e\GxEPD2\epd\GxEPD2_213_BN.cpp.o
Compiling .pio\build\battery\lib53e\GxEPD2\epd\GxEPD2_213_M21.cpp.o
Compiling .pio\build\battery\lib53e\GxEPD2\epd\GxEPD2_213_T5D.cpp.o
Compiling .pio\build\battery\lib53e\GxEPD2\epd\GxEPD2_213_flex.cpp.o
Compiling .pio\build\battery\lib53e\GxEPD2\epd\GxEPD2_260.cpp.o
Compiling .pio\build\battery\lib53e\GxEPD2\epd\GxEPD2_260_M01.cpp.o
Compiling .pio\build\battery\lib53e\GxEPD2\epd\GxEPD2_266_BN.cpp.o
Compiling .pio\build\battery\lib53e\GxEPD2\epd\GxEPD2_270.cpp.o
Compiling .pio\build\battery\lib53e\GxEPD2\epd\GxEPD2_290.cpp.o
Compiling .pio\build\battery\lib53e\GxEPD2\epd\GxEPD2_290_BS.cpp.o
Compiling .pio\build\battery\lib53e\GxEPD2\epd\GxEPD2_290_I6FD.cpp.o
Compiling .pio\build\battery\lib53e\GxEPD2\epd\GxEPD2_290_M06.cpp.o
Compiling .pio\build\battery\lib53e\GxEPD2\epd\GxEPD2_290_T5.cpp.o
Compiling .pio\build\battery\lib53e\GxEPD2\epd\GxEPD2_290_T5D.cpp.o
Compiling .pio\build\battery\lib53e\GxEPD2\epd\GxEPD2_290_T94.cpp.o
Compiling .pio\build\battery\lib53e\GxEPD2\epd\GxEPD2_290_T94_V2.cpp.o
Compiling .pio\build\battery\lib53e\GxEPD2\epd\GxEPD2_370_TC1.cpp.o
Compiling .pio\build\battery\lib53e\GxEPD2\epd\GxEPD2_371.cpp.o
Compiling .pio\build\battery\lib53e\GxEPD2\epd\GxEPD2_420.cpp.o
Compiling .pio\build\battery\lib53e\GxEPD2\epd\GxEPD2_420_M01.cpp.o
Compiling .pio\build\battery\lib53e\GxEPD2\epd\GxEPD2_583.cpp.o
Compiling .pio\build\battery\lib53e\GxEPD2\epd\GxEPD2_583_T8.cpp.o
Compiling .pio\build\battery\lib53e\GxEPD2\epd\GxEPD2_750.cpp.o
Compiling .pio\build\battery\lib53e\GxEPD2\epd\GxEPD2_750_T7.cpp.o
Compiling .pio\build\battery\lib53e\GxEPD2\gdeh\GxEPD2_576_GDEH0576T81.cpp.o
Compiling .pio\build\battery\lib53e\GxEPD2\gdem3c\GxEPD2_1330c_GDEM133Z91.cpp.o
Compiling .pio\build\battery\lib53e\GxEPD2\gdem\GxEPD2_1020_GDEM102T91.cpp.o
Compiling .pio\build\battery\lib53e\GxEPD2\gdem\GxEPD2_1085_GDEM1085T51.cpp.o
Compiling .pio\build\battery\lib53e\GxEPD2\gdem\GxEPD2_1330_GDEM133T91.cpp.o
Compiling .pio\build\battery\lib53e\GxEPD2\gdem\GxEPD2_397_GDEM0397T81.cpp.o
Compiling .pio\build\battery\lib53e\GxEPD2\gdeq3c\GxEPD2_583c_GDEQ0583Z31.cpp.o
Compiling .pio\build\battery\lib53e\GxEPD2\gdeq\GxEPD2_310_GDEQ031T10.cpp.o
Compiling .pio\build\battery\lib53e\GxEPD2\gdeq\GxEPD2_426_GDEQ0426T82.cpp.o
Compiling .pio\build\battery\lib53e\GxEPD2\gdeq\GxEPD2_583_GDEQ0583T31.cpp.o
Compiling .pio\build\battery\lib53e\GxEPD2\gdey3c\GxEPD2_1160c_GDEY116Z91.cpp.o
Compiling .pio\build\battery\lib53e\GxEPD2\gdey3c\GxEPD2_420c_GDEY042Z98.cpp.o
Compiling .pio\build\battery\lib53e\GxEPD2\gdey3c\GxEPD2_579c_GDEY0579Z93.cpp.o
Compiling .pio\build\battery\lib53e\GxEPD2\gdey3c\GxEPD2_750c_GDEY075Z08.cpp.o
Compiling .pio\build\battery\lib53e\GxEPD2\gdey\GxEPD2_154_GDEY0154D67.cpp.o
Compiling .pio\build\battery\lib53e\GxEPD2\gdey\GxEPD2_213_GDEY0213B74.cpp.o
Compiling .pio\build\battery\lib53e\GxEPD2\gdey\GxEPD2_266_GDEY0266T90.cpp.o
Compiling .pio\build\battery\lib53e\GxEPD2\gdey\GxEPD2_270_GDEY027T91.cpp.o
Compiling .pio\build\battery\lib53e\GxEPD2\gdey\GxEPD2_290_GDEY029T71H.cpp.o
Compiling .pio\build\battery\lib53e\GxEPD2\gdey\GxEPD2_290_GDEY029T94.cpp.o
Compiling .pio\build\battery\lib53e\GxEPD2\gdey\GxEPD2_370_GDEY037T03.cpp.o
Compiling .pio\build\battery\lib53e\GxEPD2\gdey\GxEPD2_420_GDEY042T81.cpp.o
Compiling .pio\build\battery\lib53e\GxEPD2\gdey\GxEPD2_579_GDEY0579T93.cpp.o
Compiling .pio\build\battery\lib53e\GxEPD2\gdey\GxEPD2_750_GDEY075T7.cpp.o
Compiling .pio\build\battery\lib53e\GxEPD2\it8951\GxEPD2_it103_1872x1404.cpp.o
Compiling .pio\build\battery\lib53e\GxEPD2\it8951\GxEPD2_it60.cpp.o
Compiling .pio\build\battery\lib53e\GxEPD2\it8951\GxEPD2_it60_1448x1072.cpp.o
Compiling .pio\build\battery\lib53e\GxEPD2\it8951\GxEPD2_it78_1872x1404.cpp.o
Compiling .pio\build\battery\lib53e\GxEPD2\other\GxEPD2_420_GYE042A87.cpp.o
Compiling .pio\build\battery\lib53e\GxEPD2\other\GxEPD2_420_SE0420NQ04.cpp.o
Compiling .pio\build\battery\libfc1\FS\FS.cpp.o
Compiling .pio\build\battery\libfc1\FS\vfs_api.cpp.o
Compiling .pio\build\battery\libbd5\SPIFFS\SPIFFS.cpp.o
Compiling .pio\build\battery\lib11d\I2S\I2S.cpp.o
Archiving .pio\build\battery\lib53e\libGxEPD2.a
Compiling .pio\build\battery\lib922\WiFi\WiFi.cpp.o
Archiving .pio\build\battery\libfc1\libFS.a
Compiling .pio\build\battery\lib922\WiFi\WiFiAP.cpp.o
Compiling .pio\build\battery\lib922\WiFi\WiFiClient.cpp.o
Compiling .pio\build\battery\lib922\WiFi\WiFiGeneric.cpp.o
Compiling .pio\build\battery\lib922\WiFi\WiFiMulti.cpp.o
Compiling .pio\build\battery\lib922\WiFi\WiFiSTA.cpp.o
Compiling .pio\build\battery\lib922\WiFi\WiFiScan.cpp.o
Compiling .pio\build\battery\lib922\WiFi\WiFiServer.cpp.o
Compiling .pio\build\battery\lib922\WiFi\WiFiUdp.cpp.o
Compiling .pio\build\battery\libb22\WiFiClientSecure\WiFiClientSecure.cpp.o
Archiving .pio\build\battery\libbd5\libSPIFFS.a
Compiling .pio\build\battery\libb22\WiFiClientSecure\esp_crt_bundle.c.o
Archiving .pio\build\battery\lib11d\libI2S.a
Compiling .pio\build\battery\libb22\WiFiClientSecure\ssl_client.cpp.o
Compiling .pio\build\battery\lib617\HTTPClient\HTTPClient.cpp.o
Compiling .pio\build\battery\libacb\SD\SD.cpp.o
Archiving .pio\build\battery\lib922\libWiFi.a
Compiling .pio\build\battery\libacb\SD\sd_diskio.cpp.o
Compiling .pio\build\battery\libacb\SD\sd_diskio_crc.c.o
Compiling .pio\build\battery\lib4be\ESP8266Audio\AudioFileSourceBuffer.cpp.o
Compiling .pio\build\battery\lib4be\ESP8266Audio\AudioFileSourceFS.cpp.o
Compiling .pio\build\battery\lib4be\ESP8266Audio\AudioFileSourceFunction.cpp.o
Compiling .pio\build\battery\lib4be\ESP8266Audio\AudioFileSourceHTTPStream.cpp.o
Compiling .pio\build\battery\lib4be\ESP8266Audio\AudioFileSourceICYStream.cpp.o
Compiling .pio\build\battery\lib4be\ESP8266Audio\AudioFileSourceID3.cpp.o
Compiling .pio\build\battery\lib4be\ESP8266Audio\AudioFileSourcePROGMEM.cpp.o
Compiling .pio\build\battery\lib4be\ESP8266Audio\AudioFileSourceSD.cpp.o
Archiving .pio\build\battery\libb22\libWiFiClientSecure.a
Compiling .pio\build\battery\lib4be\ESP8266Audio\AudioFileSourceSPIRAMBuffer.cpp.o
Compiling .pio\build\battery\lib4be\ESP8266Audio\AudioFileSourceSTDIO.cpp.o
Archiving .pio\build\battery\libacb\libSD.a
